Отчет о детектированных объектах:

Результаты для изображения: cars.png
Содержимое результата: [ultralytics.engine.results.Results object with attributes:

boxes: None
keypoints: None
masks: None
names: {0: 'plane', 1: 'ship', 2: 'storage tank', 3: 'baseball diamond', 4: 'tennis court', 5: 'basketball court', 6: 'ground track field', 7: 'harbor', 8: 'bridge', 9: 'large vehicle', 10: 'small vehicle', 11: 'helicopter', 12: 'roundabout', 13: 'soccer ball field', 14: 'swimming pool'}
obb: ultralytics.engine.results.OBB object
orig_img: array([[[ 82,  90,  93],
        [ 81,  90,  92],
        [ 81,  90,  92],
        ...,
        [180, 182, 184],
        [179, 181, 183],
        [179, 181, 183]],

       [[ 82,  90,  94],
        [ 81,  90,  92],
        [ 81,  90,  92],
        ...,
        [213, 215, 217],
        [214, 216, 218],
        [214, 216, 218]],

       [[ 82,  91,  94],
        [ 82,  90,  93],
        [ 81,  90,  92],
        ...,
        [228, 230, 232],
        [230, 232, 234],
        [231, 232, 234]],

       ...,

       [[ 97,  99,  98],
        [ 98, 100,  99],
        [ 98, 101,  99],
        ...,
        [103, 107, 109],
        [101, 105, 107],
        [ 99, 103, 105]],

       [[ 98, 100, 100],
        [ 99, 102, 101],
        [ 99, 102, 100],
        ...,
        [104, 108, 110],
        [102, 107, 108],
        [101, 105, 107]],

       [[ 99, 102, 101],
        [101, 103, 102],
        [101, 103, 102],
        ...,
        [104, 108, 110],
        [104, 109, 111],
        [105, 109, 111]]], dtype=uint8)
orig_shape: (763, 1632)
path: 'image0.jpg'
probs: None
save_dir: 'runs\\obb\\predict'
speed: {'preprocess': 8.170843124389648, 'inference': 616.2512302398682, 'postprocess': 7.53331184387207}]
Ориентированные ограничивающие рамки (OBB):
Объект: small vehicle, Координаты OBB: [123.79674530029297, 467.15716552734375, 120.72891998291016, 51.05186462402344, 0.020760422572493553, 0.8485538363456726]
Объект: large vehicle, Координаты OBB: [706.6618041992188, 629.30859375, 144.12506103515625, 61.13923263549805, 3.1021955013275146, 0.8445338010787964]
Объект: large vehicle, Координаты OBB: [1311.601806640625, 629.2705078125, 139.6770477294922, 59.905174255371094, 3.11078143119812, 0.8293341398239136]
Объект: small vehicle, Координаты OBB: [1408.0977783203125, 464.8964538574219, 109.72312927246094, 40.94569396972656, 3.1254682540893555, 0.8292797207832336]
Объект: small vehicle, Координаты OBB: [1447.373779296875, 543.1511840820312, 113.20841217041016, 47.20029830932617, 3.1386735439300537, 0.804492712020874]
Объект: small vehicle, Координаты OBB: [1453.937744140625, 142.82901000976562, 107.74183654785156, 44.25156784057617, 3.1140875816345215, 0.7987990975379944]
Объект: small vehicle, Координаты OBB: [192.51544189453125, 549.8162231445312, 105.84444427490234, 38.71101379394531, 3.136122226715088, 0.7867525219917297]
Объект: small vehicle, Координаты OBB: [1132.1876220703125, 539.145751953125, 104.78654479980469, 48.43600082397461, 0.013856479898095131, 0.7848978638648987]
Объект: large vehicle, Координаты OBB: [758.0260620117188, 724.7168579101562, 375.36236572265625, 73.20829010009766, 0.0011650914093479514, 0.77720707654953]
Объект: large vehicle, Координаты OBB: [141.6556396484375, 49.84977722167969, 182.1214141845703, 70.16034698486328, 3.1057963371276855, 0.7765951752662659]
Объект: large vehicle, Координаты OBB: [165.8927001953125, 732.3113403320312, 159.70806884765625, 61.328887939453125, 3.116795301437378, 0.7660830616950989]
Объект: small vehicle, Координаты OBB: [492.1593017578125, 553.060791015625, 121.09465789794922, 47.974327087402344, 3.1205787658691406, 0.7430940270423889]
Объект: large vehicle, Координаты OBB: [912.5020751953125, 298.65704345703125, 106.22923278808594, 42.046180725097656, 3.119053363800049, 0.720535933971405]
Объект: large vehicle, Координаты OBB: [1469.7166748046875, 714.2305908203125, 164.02752685546875, 65.85015106201172, 3.1219277381896973, 0.7044391632080078]
Объект: large vehicle, Координаты OBB: [744.1713256835938, 469.1908874511719, 158.59739685058594, 51.18928146362305, 0.01883283630013466, 0.6749767065048218]
Объект: small vehicle, Координаты OBB: [1575.28857421875, 225.77157592773438, 107.84815216064453, 42.216026306152344, 3.1192984580993652, 0.6621524691581726]
Объект: small vehicle, Координаты OBB: [481.6896057128906, 634.5341796875, 123.3653335571289, 47.16582489013672, 3.1244235038757324, 0.6407392024993896]
Объект: large vehicle, Координаты OBB: [1510.69921875, 41.674503326416016, 230.97055053710938, 83.36277770996094, 3.0997517108917236, 0.6319283843040466]
Объект: large vehicle, Координаты OBB: [497.29296875, 458.9049072265625, 125.98788452148438, 50.87189483642578, 0.003468028735369444, 0.6163407564163208]
Объект: small vehicle, Координаты OBB: [1588.4278564453125, 637.4282836914062, 79.48481750488281, 40.91735076904297, 0.013285543769598007, 0.5245668888092041]
Объект: large vehicle, Координаты OBB: [910.4426879882812, 551.434326171875, 106.81619262695312, 42.51280975341797, 3.127552032470703, 0.5214069485664368]
Объект: large vehicle, Координаты OBB: [1187.4053955078125, 483.7364196777344, 106.31566619873047, 42.90822982788086, 3.1363043785095215, 0.46192896366119385]
Объект: small vehicle, Координаты OBB: [495.5674133300781, 459.0347595214844, 124.89218139648438, 52.57753372192383, 0.00903292279690504, 0.4449407160282135]
Объект: large vehicle, Координаты OBB: [951.2491455078125, 142.32032775878906, 107.14328002929688, 40.647178649902344, 3.1226892471313477, 0.3393492102622986]
Объект: ship, Координаты OBB: [481.77496337890625, 634.5418701171875, 119.96843719482422, 49.72521209716797, 3.1312501430511475, 0.28147000074386597]
Объект: small vehicle, Координаты OBB: [6.237307071685791, 637.8347778320312, 40.77997970581055, 12.794204711914062, 1.55588960647583, 0.2509230971336365]

Результаты для изображения: man.jpg
Содержимое результата: [ultralytics.engine.results.Results object with attributes:

boxes: None
keypoints: None
masks: None
names: {0: 'plane', 1: 'ship', 2: 'storage tank', 3: 'baseball diamond', 4: 'tennis court', 5: 'basketball court', 6: 'ground track field', 7: 'harbor', 8: 'bridge', 9: 'large vehicle', 10: 'small vehicle', 11: 'helicopter', 12: 'roundabout', 13: 'soccer ball field', 14: 'swimming pool'}
obb: ultralytics.engine.results.OBB object
orig_img: array([[[73, 57, 44],
        [74, 58, 45],
        [74, 58, 45],
        ...,
        [58, 47, 39],
        [59, 48, 40],
        [59, 48, 40]],

       [[73, 57, 44],
        [74, 58, 45],
        [74, 58, 45],
        ...,
        [56, 45, 37],
        [56, 45, 37],
        [55, 44, 36]],

       [[73, 57, 44],
        [74, 58, 45],
        [74, 58, 45],
        ...,
        [56, 45, 37],
        [56, 45, 37],
        [55, 44, 36]],

       ...,

       [[49, 51, 45],
        [49, 51, 45],
        [49, 51, 45],
        ...,
        [44, 40, 35],
        [44, 40, 35],
        [44, 40, 35]],

       [[49, 51, 45],
        [49, 51, 45],
        [49, 51, 45],
        ...,
        [44, 40, 35],
        [43, 39, 34],
        [43, 39, 34]],

       [[51, 51, 45],
        [51, 51, 45],
        [51, 51, 45],
        ...,
        [43, 39, 34],
        [43, 39, 34],
        [42, 38, 33]]], dtype=uint8)
orig_shape: (1707, 2560)
path: 'image0.jpg'
probs: None
save_dir: 'runs\\obb\\predict'
speed: {'preprocess': 7.029294967651367, 'inference': 694.5242881774902, 'postprocess': 1.0921955108642578}]
Ориентированные ограничивающие рамки (OBB):

